{
    "schemaId":  "God2UltimateOfficialLiveSummary",
    "schemaVersion":  1,
    "runId":  "ultimate-official-live-20260810-203007",
    "status":  "BLOCKED",
    "failureCode":  "AUTOMATION_HOST_TERMINAL_FAILURE",
    "targetAuthority":  "OFFICIAL_REMOTE_SERVER",
    "officialLauncherRequired":  true,
    "launcherExecutable":  "C:\\Users\\SeiHo\\Desktop\\XJZ2\\Launcher.exe",
    "directClientLaunch":  false,
    "localServerStarted":  false,
    "localEndpointRequired":  false,
    "agreementAccepted":  false,
    "startGameClicked":  false,
    "directSoundDialogHandled":  false,
    "attachedBeforeLogin":  false,
    "loginSuccess":  false,
    "characterSelect":  false,
    "enterWorld":  false,
    "officialEndpointAttested":  false,
    "runtimePassed":  false,
    "strictUnloadVerified":  false,
    "targetAliveAfterDetach":  false,
    "userManualOperation":  "NOT REQUIRED",
    "hostStartExit":  0,
    "hostStartOutput":  [
                            "{",
                            "    \"schemaVersion\":  1,",
                            "    \"sessionId\":  \"00c4b672fe5740689257bb82d0cc3242\",",
                            "    \"hostPid\":  16468,",
                            "    \"integrityLevel\":  \"High\",",
                            "    \"integrityRid\":  12288,",
                            "    \"userSessionId\":  1,",
                            "    \"desktopName\":  \"Default\",",
                            "    \"startedAtUtc\":  \"2026-08-10T12:30:09.1852133+00:00\",",
                            "    \"heartbeatAtUtc\":  \"2026-08-10T12:30:09.3368115+00:00\",",
                            "    \"launcherPid\":  null,",
                            "    \"clientPid\":  null,",
                            "    \"launcherHwnd\":  null,",
                            "    \"clientHwnd\":  null,",
                            "    \"launcherPath\":  null,",
                            "    \"clientPath\":  null,",
                            "    \"launcherIntegrityRid\":  null,",
                            "    \"clientIntegrityRid\":  null,",
                            "    \"launcherSessionId\":  null,",
                            "    \"clientSessionId\":  null,",
                            "    \"databaseSecretAvailable\":  false,",
                            "    \"databaseSecretSource\":  \"NotRequestedByAutomationHost\",",
                            "    \"databaseSecretFailureCode\":  \"NONE\",",
                            "    \"currentStage\":  \"PrivilegeGateReady\",",
                            "    \"lastError\":  null,",
                            "    \"ready\":  true",
                            "}"
                        ],
    "hostFailure":  "@{message=OfficialServiceUnavailable: Launcher Start Game remained disabled after 3 bounded restarts.; script=C:\\Users\\SeiHo\\Desktop\\Simao\\God2\\God2 Classic Server\\Automation\\God2AutomationHost.ps1; line=2120; command=        throw \"OfficialServiceUnavailable: Launcher Start Game remained disabled after 3 bounded restarts.\"\n; position=At C:\\Users\\SeiHo\\Desktop\\Simao\\God2\\God2 Classic Server\\Automation\\God2AutomationHost.ps1:2120 char:9\r\n+         throw \"OfficialServiceUnavailable: Launcher Start Game remain ...\r\n+         ~~~~~~~~~~~~~~~~~~~~~~~~~~~~~~~~~~~~~~~~~~~~~~~~~~~~~~~~~~~~~}",
    "hostResultPresent":  false,
    "generatedAtUtc":  "2026-08-10T12:32:04.3657524+00:00",
    "runDir":  "Artifacts/Ultimate/LiveRuns/ultimate-official-live-20260810-203007"
}
