{
    "schemaId":  "God2UltimateOfficialLiveSummary",
    "schemaVersion":  1,
    "runId":  "ultimate-official-live-20260810-193155",
    "status":  "BLOCKED",
    "failureCode":  "AUTOMATION_HOST_TERMINAL_FAILURE",
    "targetAuthority":  "OFFICIAL_REMOTE_SERVER",
    "officialLauncherRequired":  true,
    "launcherExecutable":  "C:\\Users\\SeiHo\\Desktop\\XJZ2\\Launcher.exe",
    "directClientLaunch":  false,
    "localServerStarted":  false,
    "localEndpointRequired":  false,
    "agreementAccepted":  false,
    "startGameClicked":  false,
    "directSoundDialogHandled":  false,
    "attachedBeforeLogin":  false,
    "loginSuccess":  false,
    "characterSelect":  false,
    "enterWorld":  false,
    "officialEndpointAttested":  false,
    "runtimePassed":  false,
    "strictUnloadVerified":  false,
    "targetAliveAfterDetach":  false,
    "userManualOperation":  "NOT REQUIRED",
    "hostStartExit":  0,
    "hostStartOutput":  [
                            "{",
                            "    \"schemaVersion\":  1,",
                            "    \"sessionId\":  \"ced8116ba0fd492fb2d8bd8e5cc8d104\",",
                            "    \"hostPid\":  3148,",
                            "    \"integrityLevel\":  \"High\",",
                            "    \"integrityRid\":  12288,",
                            "    \"userSessionId\":  1,",
                            "    \"desktopName\":  \"Default\",",
                            "    \"startedAtUtc\":  \"2026-08-10T11:31:57.0244658+00:00\",",
                            "    \"heartbeatAtUtc\":  \"2026-08-10T11:31:57.1602118+00:00\",",
                            "    \"launcherPid\":  null,",
                            "    \"clientPid\":  null,",
                            "    \"launcherHwnd\":  null,",
                            "    \"clientHwnd\":  null,",
                            "    \"launcherPath\":  null,",
                            "    \"clientPath\":  null,",
                            "    \"launcherIntegrityRid\":  null,",
                            "    \"clientIntegrityRid\":  null,",
                            "    \"launcherSessionId\":  null,",
                            "    \"clientSessionId\":  null,",
                            "    \"databaseSecretAvailable\":  false,",
                            "    \"databaseSecretSource\":  \"NotRequestedByAutomationHost\",",
                            "    \"databaseSecretFailureCode\":  \"NONE\",",
                            "    \"currentStage\":  \"PrivilegeGateReady\",",
                            "    \"lastError\":  null,",
                            "    \"ready\":  true",
                            "}"
                        ],
    "hostFailure":  "@{message=Cannot validate argument on parameter \u0027WorldReadyTimeoutSeconds\u0027. The 180 argument is greater than the maximum allowed range of 120. Supply an argument that is less than or equal to 120 and then try the command again.; script=C:\\Users\\SeiHo\\Desktop\\Simao\\God2\\God2 Classic Server\\Automation\\God2AutomationHost.ps1; line=4319; command=        -WorldReadyTimeoutSeconds $worldReadyTimeoutSeconds `\n; position=At C:\\Users\\SeiHo\\Desktop\\Simao\\God2\\God2 Classic Server\\Automation\\God2AutomationHost.ps1:4319 char:35\r\n+         -WorldReadyTimeoutSeconds $worldReadyTimeoutSeconds `\r\n+                                   ~~~~~~~~~~~~~~~~~~~~~~~~~}",
    "hostResultPresent":  false,
    "generatedAtUtc":  "2026-08-10T11:32:31.3490567+00:00",
    "runDir":  "Artifacts/Ultimate/LiveRuns/ultimate-official-live-20260810-193155"
}
