{
    "schemaId":  "God2UltimateOfficialLiveSummary",
    "schemaVersion":  1,
    "runId":  "ultimate-official-live-20260810-203228",
    "status":  "BLOCKED",
    "failureCode":  "OfficialRuntimeDidNotPass",
    "targetAuthority":  "OFFICIAL_REMOTE_SERVER",
    "officialLauncherRequired":  true,
    "launcherExecutable":  "C:\\Users\\SeiHo\\Desktop\\XJZ2\\Launcher.exe",
    "directClientLaunch":  false,
    "localServerStarted":  false,
    "localEndpointRequired":  false,
    "agreementAccepted":  true,
    "startGameClicked":  true,
    "directSoundDialogHandled":  true,
    "attachedBeforeLogin":  true,
    "loginSuccess":  true,
    "characterSelect":  true,
    "enterWorld":  true,
    "officialEndpointAttested":  true,
    "runtimePassed":  false,
    "strictUnloadVerified":  false,
    "targetAliveAfterDetach":  false,
    "userManualOperation":  "NOT REQUIRED",
    "hostStartExit":  0,
    "hostStartOutput":  [
                            "{",
                            "    \"schemaVersion\":  1,",
                            "    \"sessionId\":  \"715181de74db4316a152e8b76bb2612c\",",
                            "    \"hostPid\":  3156,",
                            "    \"integrityLevel\":  \"High\",",
                            "    \"integrityRid\":  12288,",
                            "    \"userSessionId\":  1,",
                            "    \"desktopName\":  \"Default\",",
                            "    \"startedAtUtc\":  \"2026-08-10T12:32:30.4394876+00:00\",",
                            "    \"heartbeatAtUtc\":  \"2026-08-10T12:32:30.6100328+00:00\",",
                            "    \"launcherPid\":  null,",
                            "    \"clientPid\":  null,",
                            "    \"launcherHwnd\":  null,",
                            "    \"clientHwnd\":  null,",
                            "    \"launcherPath\":  null,",
                            "    \"clientPath\":  null,",
                            "    \"launcherIntegrityRid\":  null,",
                            "    \"clientIntegrityRid\":  null,",
                            "    \"launcherSessionId\":  null,",
                            "    \"clientSessionId\":  null,",
                            "    \"databaseSecretAvailable\":  false,",
                            "    \"databaseSecretSource\":  \"NotRequestedByAutomationHost\",",
                            "    \"databaseSecretFailureCode\":  \"NONE\",",
                            "    \"currentStage\":  \"PrivilegeGateReady\",",
                            "    \"lastError\":  null,",
                            "    \"ready\":  true",
                            "}"
                        ],
    "hostFailure":  null,
    "hostResultPresent":  true,
    "generatedAtUtc":  "2026-08-10T12:35:59.9528287+00:00",
    "runDir":  "Artifacts/Ultimate/LiveRuns/ultimate-official-live-20260810-203228"
}
