{
    "schemaId":  "God2UltimateOfficialLiveSummary",
    "schemaVersion":  1,
    "runId":  "ultimate-official-live-20260810-201046",
    "status":  "BLOCKED",
    "failureCode":  "AUTOMATION_HOST_TERMINAL_FAILURE",
    "targetAuthority":  "OFFICIAL_REMOTE_SERVER",
    "officialLauncherRequired":  true,
    "launcherExecutable":  "C:\\Users\\SeiHo\\Desktop\\XJZ2\\Launcher.exe",
    "directClientLaunch":  false,
    "localServerStarted":  false,
    "localEndpointRequired":  false,
    "agreementAccepted":  false,
    "startGameClicked":  false,
    "directSoundDialogHandled":  false,
    "attachedBeforeLogin":  false,
    "loginSuccess":  false,
    "characterSelect":  false,
    "enterWorld":  false,
    "officialEndpointAttested":  false,
    "runtimePassed":  false,
    "strictUnloadVerified":  false,
    "targetAliveAfterDetach":  false,
    "userManualOperation":  "NOT REQUIRED",
    "hostStartExit":  0,
    "hostStartOutput":  [
                            "{",
                            "    \"schemaVersion\":  1,",
                            "    \"sessionId\":  \"e0c00089bcf64bdd85028cba37c6d3a5\",",
                            "    \"hostPid\":  12220,",
                            "    \"integrityLevel\":  \"High\",",
                            "    \"integrityRid\":  12288,",
                            "    \"userSessionId\":  1,",
                            "    \"desktopName\":  \"Default\",",
                            "    \"startedAtUtc\":  \"2026-08-10T12:10:47.9951820+00:00\",",
                            "    \"heartbeatAtUtc\":  \"2026-08-10T12:10:48.1484397+00:00\",",
                            "    \"launcherPid\":  null,",
                            "    \"clientPid\":  null,",
                            "    \"launcherHwnd\":  null,",
                            "    \"clientHwnd\":  null,",
                            "    \"launcherPath\":  null,",
                            "    \"clientPath\":  null,",
                            "    \"launcherIntegrityRid\":  null,",
                            "    \"clientIntegrityRid\":  null,",
                            "    \"launcherSessionId\":  null,",
                            "    \"clientSessionId\":  null,",
                            "    \"databaseSecretAvailable\":  false,",
                            "    \"databaseSecretSource\":  \"NotRequestedByAutomationHost\",",
                            "    \"databaseSecretFailureCode\":  \"NONE\",",
                            "    \"currentStage\":  \"PrivilegeGateReady\",",
                            "    \"lastError\":  null,",
                            "    \"ready\":  true",
                            "}"
                        ],
    "hostFailure":  "SubmitDeliveredNoTransition",
    "hostResultPresent":  false,
    "generatedAtUtc":  "2026-08-10T12:13:47.5031761+00:00",
    "runDir":  "Artifacts/Ultimate/LiveRuns/ultimate-official-live-20260810-201046"
}
